Γùç injecting env (3) from .env // tip: Γîÿ multiple files { path: ['.env.local', '.env'] }
Verifying Retake Logic...
Using Student ID: 1
Using Exam ID: 4 Name: Midterm Web System and Tech
Cleaned up previous results for test student.
--- First Attempt (Perfect Score) ---
Result Percentage: 100 % (Expected: 100%)
--- Retake Attempt (Perfect Score) ---
Result Percentage: 95 % (Expected: 95%)
--- Retake Attempt (Low Score) ---
Result Percentage: 95 % (Expected: 98%)
Verification Finished.
